[0.063s] DEBUG:colcon:Command line arguments: ['/usr/bin/colcon', 'build']
[0.063s] DEBUG:colcon:Parsed command line arguments: Namespace(log_base=None, log_level=None, verb_name='build', build_base='build', install_base='install', merge_install=False, symlink_install=False, test_result_base=None, continue_on_error=False, executor='parallel', parallel_workers=18, event_handlers=None, ignore_user_meta=False, metas=['./colcon.meta'], base_paths=['.'], packages_ignore=None, packages_ignore_regex=None, paths=None, packages_up_to=None, packages_up_to_regex=None, packages_above=None, packages_above_and_dependencies=None, packages_above_depth=None, packages_select_by_dep=None, packages_skip_by_dep=None, packages_skip_up_to=None, packages_select_build_failed=False, packages_skip_build_finished=False, packages_select_test_failures=False, packages_skip_test_passed=False, packages_select=None, packages_skip=None, packages_select_regex=None, packages_skip_regex=None, packages_start=None, packages_end=None, allow_overriding=[], cmake_args=None, cmake_target=None, cmake_target_skip_unavailable=False, cmake_clean_cache=False, cmake_clean_first=False, cmake_force_configure=False, ament_cmake_args=None, catkin_cmake_args=None, catkin_skip_building_tests=False, mixin_files=None, mixin=None, verb_parser=<colcon_mixin.mixin.mixin_argument.MixinArgumentDecorator object at 0x7e34b8c62320>, verb_extension=<colcon_core.verb.build.BuildVerb object at 0x7e34b8c612d0>, main=<bound method BuildVerb.main of <colcon_core.verb.build.BuildVerb object at 0x7e34b8c612d0>>, mixin_verb=('build',))
[0.160s] Level 1:colcon.colcon_core.package_discovery:discover_packages(colcon_meta) check parameters
[0.160s] Level 1:colcon.colcon_core.package_discovery:discover_packages(recursive) check parameters
[0.160s] Level 1:colcon.colcon_core.package_discovery:discover_packages(ignore) check parameters
[0.160s] Level 1:colcon.colcon_core.package_discovery:discover_packages(path) check parameters
[0.160s] Level 1:colcon.colcon_core.package_discovery:discover_packages(colcon_meta) discover
[0.160s] Level 1:colcon.colcon_core.package_discovery:discover_packages(recursive) discover
[0.160s] INFO:colcon.colcon_core.package_discovery:Crawling recursively for packages in '/home/sidk524/Documents/personal-projects/DroneSwarmSim/ws_px4_ros'
[0.160s] Level 1:colcon.colcon_core.package_identification:_identify(.) by extensions ['ignore', 'ignore_ament_install']
[0.160s] Level 1:colcon.colcon_core.package_identification:_identify(.) by extension 'ignore'
[0.160s] Level 1:colcon.colcon_core.package_identification:_identify(.) by extension 'ignore_ament_install'
[0.160s] Level 1:colcon.colcon_core.package_identification:_identify(.) by extensions ['colcon_pkg']
[0.160s] Level 1:colcon.colcon_core.package_identification:_identify(.) by extension 'colcon_pkg'
[0.160s] Level 1:colcon.colcon_core.package_identification:_identify(.) by extensions ['colcon_meta']
[0.160s] Level 1:colcon.colcon_core.package_identification:_identify(.) by extension 'colcon_meta'
[0.160s] Level 1:colcon.colcon_core.package_identification:_identify(.) by extensions ['ros']
[0.160s] Level 1:colcon.colcon_core.package_identification:_identify(.) by extension 'ros'
[0.181s] Level 1:colcon.colcon_core.package_identification:_identify(.) by extensions ['cmake', 'python']
[0.181s] Level 1:colcon.colcon_core.package_identification:_identify(.) by extension 'cmake'
[0.181s] Level 1:colcon.colcon_core.package_identification:_identify(.) by extension 'python'
[0.181s] Level 1:colcon.colcon_core.package_identification:_identify(.) by extensions ['python_setup_py']
[0.181s] Level 1:colcon.colcon_core.package_identification:_identify(.) by extension 'python_setup_py'
[0.181s] Level 1:colcon.colcon_core.package_identification:_identify(build) by extensions ['ignore', 'ignore_ament_install']
[0.181s] Level 1:colcon.colcon_core.package_identification:_identify(build) by extension 'ignore'
[0.181s] Level 1:colcon.colcon_core.package_identification:_identify(build) ignored
[0.181s] Level 1:colcon.colcon_core.package_identification:_identify(install) by extensions ['ignore', 'ignore_ament_install']
[0.181s] Level 1:colcon.colcon_core.package_identification:_identify(install) by extension 'ignore'
[0.181s] Level 1:colcon.colcon_core.package_identification:_identify(install) ignored
[0.181s] Level 1:colcon.colcon_core.package_identification:_identify(log) by extensions ['ignore', 'ignore_ament_install']
[0.181s] Level 1:colcon.colcon_core.package_identification:_identify(log) by extension 'ignore'
[0.181s] Level 1:colcon.colcon_core.package_identification:_identify(log) ignored
[0.181s] Level 1:colcon.colcon_core.package_identification:_identify(src) by extensions ['ignore', 'ignore_ament_install']
[0.181s] Level 1:colcon.colcon_core.package_identification:_identify(src) by extension 'ignore'
[0.181s] Level 1:colcon.colcon_core.package_identification:_identify(src) by extension 'ignore_ament_install'
[0.181s] Level 1:colcon.colcon_core.package_identification:_identify(src) by extensions ['colcon_pkg']
[0.182s] Level 1:colcon.colcon_core.package_identification:_identify(src) by extension 'colcon_pkg'
[0.182s] Level 1:colcon.colcon_core.package_identification:_identify(src) by extensions ['colcon_meta']
[0.182s] Level 1:colcon.colcon_core.package_identification:_identify(src) by extension 'colcon_meta'
[0.182s] Level 1:colcon.colcon_core.package_identification:_identify(src) by extensions ['ros']
[0.182s] Level 1:colcon.colcon_core.package_identification:_identify(src) by extension 'ros'
[0.182s] Level 1:colcon.colcon_core.package_identification:_identify(src) by extensions ['cmake', 'python']
[0.182s] Level 1:colcon.colcon_core.package_identification:_identify(src) by extension 'cmake'
[0.182s] Level 1:colcon.colcon_core.package_identification:_identify(src) by extension 'python'
[0.182s] Level 1:colcon.colcon_core.package_identification:_identify(src) by extensions ['python_setup_py']
[0.182s] Level 1:colcon.colcon_core.package_identification:_identify(src) by extension 'python_setup_py'
[0.182s] Level 1:colcon.colcon_core.package_identification:_identify(src/px4_msgs) by extensions ['ignore', 'ignore_ament_install']
[0.182s] Level 1:colcon.colcon_core.package_identification:_identify(src/px4_msgs) by extension 'ignore'
[0.182s] Level 1:colcon.colcon_core.package_identification:_identify(src/px4_msgs) by extension 'ignore_ament_install'
[0.182s] Level 1:colcon.colcon_core.package_identification:_identify(src/px4_msgs) by extensions ['colcon_pkg']
[0.182s] Level 1:colcon.colcon_core.package_identification:_identify(src/px4_msgs) by extension 'colcon_pkg'
[0.182s] Level 1:colcon.colcon_core.package_identification:_identify(src/px4_msgs) by extensions ['colcon_meta']
[0.182s] Level 1:colcon.colcon_core.package_identification:_identify(src/px4_msgs) by extension 'colcon_meta'
[0.182s] Level 1:colcon.colcon_core.package_identification:_identify(src/px4_msgs) by extensions ['ros']
[0.182s] Level 1:colcon.colcon_core.package_identification:_identify(src/px4_msgs) by extension 'ros'
[0.183s] DEBUG:colcon.colcon_core.package_identification:Package 'src/px4_msgs' with type 'ros.ament_cmake' and name 'px4_msgs'
[0.184s] Level 1:colcon.colcon_core.package_identification:_identify(src/px4_ros_com) by extensions ['ignore', 'ignore_ament_install']
[0.184s] Level 1:colcon.colcon_core.package_identification:_identify(src/px4_ros_com) by extension 'ignore'
[0.184s] Level 1:colcon.colcon_core.package_identification:_identify(src/px4_ros_com) by extension 'ignore_ament_install'
[0.184s] Level 1:colcon.colcon_core.package_identification:_identify(src/px4_ros_com) by extensions ['colcon_pkg']
[0.184s] Level 1:colcon.colcon_core.package_identification:_identify(src/px4_ros_com) by extension 'colcon_pkg'
[0.184s] Level 1:colcon.colcon_core.package_identification:_identify(src/px4_ros_com) by extensions ['colcon_meta']
[0.184s] Level 1:colcon.colcon_core.package_identification:_identify(src/px4_ros_com) by extension 'colcon_meta'
[0.184s] Level 1:colcon.colcon_core.package_identification:_identify(src/px4_ros_com) by extensions ['ros']
[0.184s] Level 1:colcon.colcon_core.package_identification:_identify(src/px4_ros_com) by extension 'ros'
[0.185s] DEBUG:colcon.colcon_core.package_identification:Package 'src/px4_ros_com' with type 'ros.ament_cmake' and name 'px4_ros_com'
[0.185s] Level 1:colcon.colcon_core.package_discovery:discover_packages(recursive) using defaults
[0.185s] Level 1:colcon.colcon_core.package_discovery:discover_packages(ignore) discover
[0.185s] Level 1:colcon.colcon_core.package_discovery:discover_packages(ignore) using defaults
[0.185s] Level 1:colcon.colcon_core.package_discovery:discover_packages(path) discover
[0.185s] Level 1:colcon.colcon_core.package_discovery:discover_packages(path) using defaults
[0.196s] Level 1:colcon.colcon_core.package_discovery:discover_packages(prefix_path) check parameters
[0.196s] Level 1:colcon.colcon_core.package_discovery:discover_packages(prefix_path) discover
[0.198s] DEBUG:colcon.colcon_installed_package_information.package_discovery:Found 271 installed packages in /opt/ros/humble
[0.199s] Level 1:colcon.colcon_core.package_discovery:discover_packages(prefix_path) using defaults
[0.219s] Level 5:colcon.colcon_core.verb:set package 'px4_msgs' build argument 'cmake_args' from command line to 'None'
[0.219s] Level 5:colcon.colcon_core.verb:set package 'px4_msgs' build argument 'cmake_target' from command line to 'None'
[0.219s] Level 5:colcon.colcon_core.verb:set package 'px4_msgs' build argument 'cmake_target_skip_unavailable' from command line to 'False'
[0.219s] Level 5:colcon.colcon_core.verb:set package 'px4_msgs' build argument 'cmake_clean_cache' from command line to 'False'
[0.219s] Level 5:colcon.colcon_core.verb:set package 'px4_msgs' build argument 'cmake_clean_first' from command line to 'False'
[0.219s] Level 5:colcon.colcon_core.verb:set package 'px4_msgs' build argument 'cmake_force_configure' from command line to 'False'
[0.219s] Level 5:colcon.colcon_core.verb:set package 'px4_msgs' build argument 'ament_cmake_args' from command line to 'None'
[0.219s] Level 5:colcon.colcon_core.verb:set package 'px4_msgs' build argument 'catkin_cmake_args' from command line to 'None'
[0.219s] Level 5:colcon.colcon_core.verb:set package 'px4_msgs' build argument 'catkin_skip_building_tests' from command line to 'False'
[0.219s] DEBUG:colcon.colcon_core.verb:Building package 'px4_msgs' with the following arguments: {'ament_cmake_args': None, 'build_base': '/home/sidk524/Documents/personal-projects/DroneSwarmSim/ws_px4_ros/build/px4_msgs', 'catkin_cmake_args': None, 'catkin_skip_building_tests': False, 'cmake_args': None, 'cmake_clean_cache': False, 'cmake_clean_first': False, 'cmake_force_configure': False, 'cmake_target': None, 'cmake_target_skip_unavailable': False, 'install_base': '/home/sidk524/Documents/personal-projects/DroneSwarmSim/ws_px4_ros/install/px4_msgs', 'merge_install': False, 'path': '/home/sidk524/Documents/personal-projects/DroneSwarmSim/ws_px4_ros/src/px4_msgs', 'symlink_install': False, 'test_result_base': None}
[0.219s] Level 5:colcon.colcon_core.verb:set package 'px4_ros_com' build argument 'cmake_args' from command line to 'None'
[0.219s] Level 5:colcon.colcon_core.verb:set package 'px4_ros_com' build argument 'cmake_target' from command line to 'None'
[0.219s] Level 5:colcon.colcon_core.verb:set package 'px4_ros_com' build argument 'cmake_target_skip_unavailable' from command line to 'False'
[0.219s] Level 5:colcon.colcon_core.verb:set package 'px4_ros_com' build argument 'cmake_clean_cache' from command line to 'False'
[0.219s] Level 5:colcon.colcon_core.verb:set package 'px4_ros_com' build argument 'cmake_clean_first' from command line to 'False'
[0.219s] Level 5:colcon.colcon_core.verb:set package 'px4_ros_com' build argument 'cmake_force_configure' from command line to 'False'
[0.219s] Level 5:colcon.colcon_core.verb:set package 'px4_ros_com' build argument 'ament_cmake_args' from command line to 'None'
[0.219s] Level 5:colcon.colcon_core.verb:set package 'px4_ros_com' build argument 'catkin_cmake_args' from command line to 'None'
[0.219s] Level 5:colcon.colcon_core.verb:set package 'px4_ros_com' build argument 'catkin_skip_building_tests' from command line to 'False'
[0.219s] DEBUG:colcon.colcon_core.verb:Building package 'px4_ros_com' with the following arguments: {'ament_cmake_args': None, 'build_base': '/home/sidk524/Documents/personal-projects/DroneSwarmSim/ws_px4_ros/build/px4_ros_com', 'catkin_cmake_args': None, 'catkin_skip_building_tests': False, 'cmake_args': None, 'cmake_clean_cache': False, 'cmake_clean_first': False, 'cmake_force_configure': False, 'cmake_target': None, 'cmake_target_skip_unavailable': False, 'install_base': '/home/sidk524/Documents/personal-projects/DroneSwarmSim/ws_px4_ros/install/px4_ros_com', 'merge_install': False, 'path': '/home/sidk524/Documents/personal-projects/DroneSwarmSim/ws_px4_ros/src/px4_ros_com', 'symlink_install': False, 'test_result_base': None}
[0.219s] INFO:colcon.colcon_core.executor:Executing jobs using 'parallel' executor
[0.221s] DEBUG:colcon.colcon_parallel_executor.executor.parallel:run_until_complete
[0.221s] INFO:colcon.colcon_ros.task.ament_cmake.build:Building ROS package in '/home/sidk524/Documents/personal-projects/DroneSwarmSim/ws_px4_ros/src/px4_msgs' with build type 'ament_cmake'
[0.221s] INFO:colcon.colcon_cmake.task.cmake.build:Building CMake package in '/home/sidk524/Documents/personal-projects/DroneSwarmSim/ws_px4_ros/src/px4_msgs'
[0.223s] INFO:colcon.colcon_core.plugin_system:Skipping extension 'colcon_core.shell.bat': Not used on non-Windows systems
[0.223s] INFO:colcon.colcon_core.shell:Skip shell extension 'powershell' for command environment: Not usable outside of PowerShell
[0.223s] DEBUG:colcon.colcon_core.shell:Skip shell extension 'dsv' for command environment
[0.229s] DEBUG:colcon.colcon_core.event_handler.log_command:Invoking command in '/home/sidk524/Documents/personal-projects/DroneSwarmSim/ws_px4_ros/build/px4_msgs': CMAKE_PREFIX_PATH=/opt/ros/humble /usr/bin/cmake /home/sidk524/Documents/personal-projects/DroneSwarmSim/ws_px4_ros/src/px4_msgs -DCMAKE_INSTALL_PREFIX=/home/sidk524/Documents/personal-projects/DroneSwarmSim/ws_px4_ros/install/px4_msgs
[2.619s] DEBUG:colcon.colcon_core.event_handler.log_command:Invoked command in '/home/sidk524/Documents/personal-projects/DroneSwarmSim/ws_px4_ros/build/px4_msgs' returned '0': CMAKE_PREFIX_PATH=/opt/ros/humble /usr/bin/cmake /home/sidk524/Documents/personal-projects/DroneSwarmSim/ws_px4_ros/src/px4_msgs -DCMAKE_INSTALL_PREFIX=/home/sidk524/Documents/personal-projects/DroneSwarmSim/ws_px4_ros/install/px4_msgs
[2.622s] DEBUG:colcon.colcon_core.event_handler.log_command:Invoking command in '/home/sidk524/Documents/personal-projects/DroneSwarmSim/ws_px4_ros/build/px4_msgs': CMAKE_PREFIX_PATH=/opt/ros/humble /usr/bin/cmake --build /home/sidk524/Documents/personal-projects/DroneSwarmSim/ws_px4_ros/build/px4_msgs -- -j18 -l18
[216.559s] DEBUG:colcon.colcon_core.event_handler.log_command:Invoked command in '/home/sidk524/Documents/personal-projects/DroneSwarmSim/ws_px4_ros/build/px4_msgs' returned '0': CMAKE_PREFIX_PATH=/opt/ros/humble /usr/bin/cmake --build /home/sidk524/Documents/personal-projects/DroneSwarmSim/ws_px4_ros/build/px4_msgs -- -j18 -l18
[216.568s] DEBUG:colcon.colcon_core.event_handler.log_command:Invoking command in '/home/sidk524/Documents/personal-projects/DroneSwarmSim/ws_px4_ros/build/px4_msgs': CMAKE_PREFIX_PATH=/opt/ros/humble /usr/bin/cmake --install /home/sidk524/Documents/personal-projects/DroneSwarmSim/ws_px4_ros/build/px4_msgs
[217.583s] Level 1:colcon.colcon_core.environment:create_environment_scripts_only(px4_msgs)
[217.584s] DEBUG:colcon.colcon_core.event_handler.log_command:Invoked command in '/home/sidk524/Documents/personal-projects/DroneSwarmSim/ws_px4_ros/build/px4_msgs' returned '0': CMAKE_PREFIX_PATH=/opt/ros/humble /usr/bin/cmake --install /home/sidk524/Documents/personal-projects/DroneSwarmSim/ws_px4_ros/build/px4_msgs
[217.586s] Level 1:colcon.colcon_core.environment:checking '/home/sidk524/Documents/personal-projects/DroneSwarmSim/ws_px4_ros/install/px4_msgs' for CMake module files
[217.587s] Level 1:colcon.colcon_core.environment:checking '/home/sidk524/Documents/personal-projects/DroneSwarmSim/ws_px4_ros/install/px4_msgs' for CMake config files
[217.587s] Level 1:colcon.colcon_core.shell:create_environment_hook('px4_msgs', 'cmake_prefix_path')
[217.587s] INFO:colcon.colcon_core.shell:Creating environment hook '/home/sidk524/Documents/personal-projects/DroneSwarmSim/ws_px4_ros/install/px4_msgs/share/px4_msgs/hook/cmake_prefix_path.ps1'
[217.588s] INFO:colcon.colcon_core.shell:Creating environment descriptor '/home/sidk524/Documents/personal-projects/DroneSwarmSim/ws_px4_ros/install/px4_msgs/share/px4_msgs/hook/cmake_prefix_path.dsv'
[217.588s] INFO:colcon.colcon_core.shell:Creating environment hook '/home/sidk524/Documents/personal-projects/DroneSwarmSim/ws_px4_ros/install/px4_msgs/share/px4_msgs/hook/cmake_prefix_path.sh'
[217.589s] Level 1:colcon.colcon_core.environment:checking '/home/sidk524/Documents/personal-projects/DroneSwarmSim/ws_px4_ros/install/px4_msgs/lib'
[217.589s] Level 1:colcon.colcon_core.shell:create_environment_hook('px4_msgs', 'ld_library_path_lib')
[217.589s] INFO:colcon.colcon_core.shell:Creating environment hook '/home/sidk524/Documents/personal-projects/DroneSwarmSim/ws_px4_ros/install/px4_msgs/share/px4_msgs/hook/ld_library_path_lib.ps1'
[217.589s] INFO:colcon.colcon_core.shell:Creating environment descriptor '/home/sidk524/Documents/personal-projects/DroneSwarmSim/ws_px4_ros/install/px4_msgs/share/px4_msgs/hook/ld_library_path_lib.dsv'
[217.590s] INFO:colcon.colcon_core.shell:Creating environment hook '/home/sidk524/Documents/personal-projects/DroneSwarmSim/ws_px4_ros/install/px4_msgs/share/px4_msgs/hook/ld_library_path_lib.sh'
[217.590s] Level 1:colcon.colcon_core.environment:checking '/home/sidk524/Documents/personal-projects/DroneSwarmSim/ws_px4_ros/install/px4_msgs/bin'
[217.590s] Level 1:colcon.colcon_core.environment:checking '/home/sidk524/Documents/personal-projects/DroneSwarmSim/ws_px4_ros/install/px4_msgs/lib/pkgconfig/px4_msgs.pc'
[217.590s] Level 1:colcon.colcon_core.environment:checking '/home/sidk524/Documents/personal-projects/DroneSwarmSim/ws_px4_ros/install/px4_msgs/lib/python3.10/site-packages'
[217.590s] Level 1:colcon.colcon_core.environment:checking '/home/sidk524/Documents/personal-projects/DroneSwarmSim/ws_px4_ros/install/px4_msgs/bin'
[217.591s] INFO:colcon.colcon_core.shell:Creating package script '/home/sidk524/Documents/personal-projects/DroneSwarmSim/ws_px4_ros/install/px4_msgs/share/px4_msgs/package.ps1'
[217.592s] INFO:colcon.colcon_core.shell:Creating package descriptor '/home/sidk524/Documents/personal-projects/DroneSwarmSim/ws_px4_ros/install/px4_msgs/share/px4_msgs/package.dsv'
[217.592s] INFO:colcon.colcon_core.shell:Creating package script '/home/sidk524/Documents/personal-projects/DroneSwarmSim/ws_px4_ros/install/px4_msgs/share/px4_msgs/package.sh'
[217.593s] INFO:colcon.colcon_core.shell:Creating package script '/home/sidk524/Documents/personal-projects/DroneSwarmSim/ws_px4_ros/install/px4_msgs/share/px4_msgs/package.bash'
[217.593s] INFO:colcon.colcon_core.shell:Creating package script '/home/sidk524/Documents/personal-projects/DroneSwarmSim/ws_px4_ros/install/px4_msgs/share/px4_msgs/package.zsh'
[217.594s] Level 1:colcon.colcon_core.environment:create_file_with_runtime_dependencies(/home/sidk524/Documents/personal-projects/DroneSwarmSim/ws_px4_ros/install/px4_msgs/share/colcon-core/packages/px4_msgs)
[217.594s] Level 1:colcon.colcon_core.environment:create_environment_scripts_only(px4_msgs)
[217.595s] Level 1:colcon.colcon_core.environment:checking '/home/sidk524/Documents/personal-projects/DroneSwarmSim/ws_px4_ros/install/px4_msgs' for CMake module files
[217.595s] Level 1:colcon.colcon_core.environment:checking '/home/sidk524/Documents/personal-projects/DroneSwarmSim/ws_px4_ros/install/px4_msgs' for CMake config files
[217.595s] Level 1:colcon.colcon_core.shell:create_environment_hook('px4_msgs', 'cmake_prefix_path')
[217.596s] INFO:colcon.colcon_core.shell:Creating environment hook '/home/sidk524/Documents/personal-projects/DroneSwarmSim/ws_px4_ros/install/px4_msgs/share/px4_msgs/hook/cmake_prefix_path.ps1'
[217.596s] INFO:colcon.colcon_core.shell:Creating environment descriptor '/home/sidk524/Documents/personal-projects/DroneSwarmSim/ws_px4_ros/install/px4_msgs/share/px4_msgs/hook/cmake_prefix_path.dsv'
[217.596s] INFO:colcon.colcon_core.shell:Creating environment hook '/home/sidk524/Documents/personal-projects/DroneSwarmSim/ws_px4_ros/install/px4_msgs/share/px4_msgs/hook/cmake_prefix_path.sh'
[217.597s] Level 1:colcon.colcon_core.environment:checking '/home/sidk524/Documents/personal-projects/DroneSwarmSim/ws_px4_ros/install/px4_msgs/lib'
[217.597s] Level 1:colcon.colcon_core.shell:create_environment_hook('px4_msgs', 'ld_library_path_lib')
[217.597s] INFO:colcon.colcon_core.shell:Creating environment hook '/home/sidk524/Documents/personal-projects/DroneSwarmSim/ws_px4_ros/install/px4_msgs/share/px4_msgs/hook/ld_library_path_lib.ps1'
[217.597s] INFO:colcon.colcon_core.shell:Creating environment descriptor '/home/sidk524/Documents/personal-projects/DroneSwarmSim/ws_px4_ros/install/px4_msgs/share/px4_msgs/hook/ld_library_path_lib.dsv'
[217.598s] INFO:colcon.colcon_core.shell:Creating environment hook '/home/sidk524/Documents/personal-projects/DroneSwarmSim/ws_px4_ros/install/px4_msgs/share/px4_msgs/hook/ld_library_path_lib.sh'
[217.598s] Level 1:colcon.colcon_core.environment:checking '/home/sidk524/Documents/personal-projects/DroneSwarmSim/ws_px4_ros/install/px4_msgs/bin'
[217.598s] Level 1:colcon.colcon_core.environment:checking '/home/sidk524/Documents/personal-projects/DroneSwarmSim/ws_px4_ros/install/px4_msgs/lib/pkgconfig/px4_msgs.pc'
[217.598s] Level 1:colcon.colcon_core.environment:checking '/home/sidk524/Documents/personal-projects/DroneSwarmSim/ws_px4_ros/install/px4_msgs/lib/python3.10/site-packages'
[217.599s] Level 1:colcon.colcon_core.environment:checking '/home/sidk524/Documents/personal-projects/DroneSwarmSim/ws_px4_ros/install/px4_msgs/bin'
[217.599s] INFO:colcon.colcon_core.shell:Creating package script '/home/sidk524/Documents/personal-projects/DroneSwarmSim/ws_px4_ros/install/px4_msgs/share/px4_msgs/package.ps1'
[217.599s] INFO:colcon.colcon_core.shell:Creating package descriptor '/home/sidk524/Documents/personal-projects/DroneSwarmSim/ws_px4_ros/install/px4_msgs/share/px4_msgs/package.dsv'
[217.600s] INFO:colcon.colcon_core.shell:Creating package script '/home/sidk524/Documents/personal-projects/DroneSwarmSim/ws_px4_ros/install/px4_msgs/share/px4_msgs/package.sh'
[217.600s] INFO:colcon.colcon_core.shell:Creating package script '/home/sidk524/Documents/personal-projects/DroneSwarmSim/ws_px4_ros/install/px4_msgs/share/px4_msgs/package.bash'
[217.601s] INFO:colcon.colcon_core.shell:Creating package script '/home/sidk524/Documents/personal-projects/DroneSwarmSim/ws_px4_ros/install/px4_msgs/share/px4_msgs/package.zsh'
[217.601s] Level 1:colcon.colcon_core.environment:create_file_with_runtime_dependencies(/home/sidk524/Documents/personal-projects/DroneSwarmSim/ws_px4_ros/install/px4_msgs/share/colcon-core/packages/px4_msgs)
[217.601s] INFO:colcon.colcon_ros.task.ament_cmake.build:Building ROS package in '/home/sidk524/Documents/personal-projects/DroneSwarmSim/ws_px4_ros/src/px4_ros_com' with build type 'ament_cmake'
[217.601s] INFO:colcon.colcon_cmake.task.cmake.build:Building CMake package in '/home/sidk524/Documents/personal-projects/DroneSwarmSim/ws_px4_ros/src/px4_ros_com'
[217.602s] INFO:colcon.colcon_core.shell:Skip shell extension 'powershell' for command environment: Not usable outside of PowerShell
[217.602s] DEBUG:colcon.colcon_core.shell:Skip shell extension 'dsv' for command environment
[217.611s] DEBUG:colcon.colcon_core.event_handler.log_command:Invoking command in '/home/sidk524/Documents/personal-projects/DroneSwarmSim/ws_px4_ros/build/px4_ros_com': AMENT_PREFIX_PATH=/home/sidk524/Documents/personal-projects/DroneSwarmSim/ws_px4_ros/install/px4_msgs:${AMENT_PREFIX_PATH} CMAKE_PREFIX_PATH=/home/sidk524/Documents/personal-projects/DroneSwarmSim/ws_px4_ros/install/px4_msgs:/opt/ros/humble LD_LIBRARY_PATH=/home/sidk524/Documents/personal-projects/DroneSwarmSim/ws_px4_ros/install/px4_msgs/lib:${LD_LIBRARY_PATH} PYTHONPATH=/home/sidk524/Documents/personal-projects/DroneSwarmSim/ws_px4_ros/install/px4_msgs/local/lib/python3.10/dist-packages:${PYTHONPATH} /usr/bin/cmake /home/sidk524/Documents/personal-projects/DroneSwarmSim/ws_px4_ros/src/px4_ros_com -DCMAKE_INSTALL_PREFIX=/home/sidk524/Documents/personal-projects/DroneSwarmSim/ws_px4_ros/install/px4_ros_com
[218.770s] DEBUG:colcon.colcon_core.event_handler.log_command:Invoked command in '/home/sidk524/Documents/personal-projects/DroneSwarmSim/ws_px4_ros/build/px4_ros_com' returned '0': AMENT_PREFIX_PATH=/home/sidk524/Documents/personal-projects/DroneSwarmSim/ws_px4_ros/install/px4_msgs:${AMENT_PREFIX_PATH} CMAKE_PREFIX_PATH=/home/sidk524/Documents/personal-projects/DroneSwarmSim/ws_px4_ros/install/px4_msgs:/opt/ros/humble LD_LIBRARY_PATH=/home/sidk524/Documents/personal-projects/DroneSwarmSim/ws_px4_ros/install/px4_msgs/lib:${LD_LIBRARY_PATH} PYTHONPATH=/home/sidk524/Documents/personal-projects/DroneSwarmSim/ws_px4_ros/install/px4_msgs/local/lib/python3.10/dist-packages:${PYTHONPATH} /usr/bin/cmake /home/sidk524/Documents/personal-projects/DroneSwarmSim/ws_px4_ros/src/px4_ros_com -DCMAKE_INSTALL_PREFIX=/home/sidk524/Documents/personal-projects/DroneSwarmSim/ws_px4_ros/install/px4_ros_com
[218.772s] DEBUG:colcon.colcon_core.event_handler.log_command:Invoking command in '/home/sidk524/Documents/personal-projects/DroneSwarmSim/ws_px4_ros/build/px4_ros_com': AMENT_PREFIX_PATH=/home/sidk524/Documents/personal-projects/DroneSwarmSim/ws_px4_ros/install/px4_msgs:${AMENT_PREFIX_PATH} CMAKE_PREFIX_PATH=/home/sidk524/Documents/personal-projects/DroneSwarmSim/ws_px4_ros/install/px4_msgs:/opt/ros/humble LD_LIBRARY_PATH=/home/sidk524/Documents/personal-projects/DroneSwarmSim/ws_px4_ros/install/px4_msgs/lib:${LD_LIBRARY_PATH} PYTHONPATH=/home/sidk524/Documents/personal-projects/DroneSwarmSim/ws_px4_ros/install/px4_msgs/local/lib/python3.10/dist-packages:${PYTHONPATH} /usr/bin/cmake --build /home/sidk524/Documents/personal-projects/DroneSwarmSim/ws_px4_ros/build/px4_ros_com -- -j18 -l18
[227.892s] DEBUG:colcon.colcon_core.event_handler.log_command:Invoked command in '/home/sidk524/Documents/personal-projects/DroneSwarmSim/ws_px4_ros/build/px4_ros_com' returned '0': AMENT_PREFIX_PATH=/home/sidk524/Documents/personal-projects/DroneSwarmSim/ws_px4_ros/install/px4_msgs:${AMENT_PREFIX_PATH} CMAKE_PREFIX_PATH=/home/sidk524/Documents/personal-projects/DroneSwarmSim/ws_px4_ros/install/px4_msgs:/opt/ros/humble LD_LIBRARY_PATH=/home/sidk524/Documents/personal-projects/DroneSwarmSim/ws_px4_ros/install/px4_msgs/lib:${LD_LIBRARY_PATH} PYTHONPATH=/home/sidk524/Documents/personal-projects/DroneSwarmSim/ws_px4_ros/install/px4_msgs/local/lib/python3.10/dist-packages:${PYTHONPATH} /usr/bin/cmake --build /home/sidk524/Documents/personal-projects/DroneSwarmSim/ws_px4_ros/build/px4_ros_com -- -j18 -l18
[227.893s] DEBUG:colcon.colcon_core.event_handler.log_command:Invoking command in '/home/sidk524/Documents/personal-projects/DroneSwarmSim/ws_px4_ros/build/px4_ros_com': AMENT_PREFIX_PATH=/home/sidk524/Documents/personal-projects/DroneSwarmSim/ws_px4_ros/install/px4_msgs:${AMENT_PREFIX_PATH} CMAKE_PREFIX_PATH=/home/sidk524/Documents/personal-projects/DroneSwarmSim/ws_px4_ros/install/px4_msgs:/opt/ros/humble LD_LIBRARY_PATH=/home/sidk524/Documents/personal-projects/DroneSwarmSim/ws_px4_ros/install/px4_msgs/lib:${LD_LIBRARY_PATH} PYTHONPATH=/home/sidk524/Documents/personal-projects/DroneSwarmSim/ws_px4_ros/install/px4_msgs/local/lib/python3.10/dist-packages:${PYTHONPATH} /usr/bin/cmake --install /home/sidk524/Documents/personal-projects/DroneSwarmSim/ws_px4_ros/build/px4_ros_com
[227.936s] Level 1:colcon.colcon_core.environment:create_environment_scripts_only(px4_ros_com)
[227.936s] Level 1:colcon.colcon_core.environment:checking '/home/sidk524/Documents/personal-projects/DroneSwarmSim/ws_px4_ros/install/px4_ros_com' for CMake module files
[227.937s] DEBUG:colcon.colcon_core.event_handler.log_command:Invoked command in '/home/sidk524/Documents/personal-projects/DroneSwarmSim/ws_px4_ros/build/px4_ros_com' returned '0': AMENT_PREFIX_PATH=/home/sidk524/Documents/personal-projects/DroneSwarmSim/ws_px4_ros/install/px4_msgs:${AMENT_PREFIX_PATH} CMAKE_PREFIX_PATH=/home/sidk524/Documents/personal-projects/DroneSwarmSim/ws_px4_ros/install/px4_msgs:/opt/ros/humble LD_LIBRARY_PATH=/home/sidk524/Documents/personal-projects/DroneSwarmSim/ws_px4_ros/install/px4_msgs/lib:${LD_LIBRARY_PATH} PYTHONPATH=/home/sidk524/Documents/personal-projects/DroneSwarmSim/ws_px4_ros/install/px4_msgs/local/lib/python3.10/dist-packages:${PYTHONPATH} /usr/bin/cmake --install /home/sidk524/Documents/personal-projects/DroneSwarmSim/ws_px4_ros/build/px4_ros_com
[227.937s] Level 1:colcon.colcon_core.environment:checking '/home/sidk524/Documents/personal-projects/DroneSwarmSim/ws_px4_ros/install/px4_ros_com' for CMake config files
[227.937s] Level 1:colcon.colcon_core.shell:create_environment_hook('px4_ros_com', 'cmake_prefix_path')
[227.938s] INFO:colcon.colcon_core.shell:Creating environment hook '/home/sidk524/Documents/personal-projects/DroneSwarmSim/ws_px4_ros/install/px4_ros_com/share/px4_ros_com/hook/cmake_prefix_path.ps1'
[227.938s] INFO:colcon.colcon_core.shell:Creating environment descriptor '/home/sidk524/Documents/personal-projects/DroneSwarmSim/ws_px4_ros/install/px4_ros_com/share/px4_ros_com/hook/cmake_prefix_path.dsv'
[227.938s] INFO:colcon.colcon_core.shell:Creating environment hook '/home/sidk524/Documents/personal-projects/DroneSwarmSim/ws_px4_ros/install/px4_ros_com/share/px4_ros_com/hook/cmake_prefix_path.sh'
[227.939s] Level 1:colcon.colcon_core.environment:checking '/home/sidk524/Documents/personal-projects/DroneSwarmSim/ws_px4_ros/install/px4_ros_com/lib'
[227.939s] Level 1:colcon.colcon_core.shell:create_environment_hook('px4_ros_com', 'ld_library_path_lib')
[227.939s] INFO:colcon.colcon_core.shell:Creating environment hook '/home/sidk524/Documents/personal-projects/DroneSwarmSim/ws_px4_ros/install/px4_ros_com/share/px4_ros_com/hook/ld_library_path_lib.ps1'
[227.940s] INFO:colcon.colcon_core.shell:Creating environment descriptor '/home/sidk524/Documents/personal-projects/DroneSwarmSim/ws_px4_ros/install/px4_ros_com/share/px4_ros_com/hook/ld_library_path_lib.dsv'
[227.940s] INFO:colcon.colcon_core.shell:Creating environment hook '/home/sidk524/Documents/personal-projects/DroneSwarmSim/ws_px4_ros/install/px4_ros_com/share/px4_ros_com/hook/ld_library_path_lib.sh'
[227.940s] Level 1:colcon.colcon_core.environment:checking '/home/sidk524/Documents/personal-projects/DroneSwarmSim/ws_px4_ros/install/px4_ros_com/bin'
[227.940s] Level 1:colcon.colcon_core.environment:checking '/home/sidk524/Documents/personal-projects/DroneSwarmSim/ws_px4_ros/install/px4_ros_com/lib/pkgconfig/px4_ros_com.pc'
[227.941s] Level 1:colcon.colcon_core.environment:checking '/home/sidk524/Documents/personal-projects/DroneSwarmSim/ws_px4_ros/install/px4_ros_com/lib/python3.10/site-packages'
[227.941s] Level 1:colcon.colcon_core.environment:checking '/home/sidk524/Documents/personal-projects/DroneSwarmSim/ws_px4_ros/install/px4_ros_com/bin'
[227.941s] INFO:colcon.colcon_core.shell:Creating package script '/home/sidk524/Documents/personal-projects/DroneSwarmSim/ws_px4_ros/install/px4_ros_com/share/px4_ros_com/package.ps1'
[227.942s] INFO:colcon.colcon_core.shell:Creating package descriptor '/home/sidk524/Documents/personal-projects/DroneSwarmSim/ws_px4_ros/install/px4_ros_com/share/px4_ros_com/package.dsv'
[227.942s] INFO:colcon.colcon_core.shell:Creating package script '/home/sidk524/Documents/personal-projects/DroneSwarmSim/ws_px4_ros/install/px4_ros_com/share/px4_ros_com/package.sh'
[227.942s] INFO:colcon.colcon_core.shell:Creating package script '/home/sidk524/Documents/personal-projects/DroneSwarmSim/ws_px4_ros/install/px4_ros_com/share/px4_ros_com/package.bash'
[227.943s] INFO:colcon.colcon_core.shell:Creating package script '/home/sidk524/Documents/personal-projects/DroneSwarmSim/ws_px4_ros/install/px4_ros_com/share/px4_ros_com/package.zsh'
[227.943s] Level 1:colcon.colcon_core.environment:create_file_with_runtime_dependencies(/home/sidk524/Documents/personal-projects/DroneSwarmSim/ws_px4_ros/install/px4_ros_com/share/colcon-core/packages/px4_ros_com)
[227.943s] Level 1:colcon.colcon_core.environment:create_environment_scripts_only(px4_ros_com)
[227.944s] Level 1:colcon.colcon_core.environment:checking '/home/sidk524/Documents/personal-projects/DroneSwarmSim/ws_px4_ros/install/px4_ros_com' for CMake module files
[227.944s] Level 1:colcon.colcon_core.environment:checking '/home/sidk524/Documents/personal-projects/DroneSwarmSim/ws_px4_ros/install/px4_ros_com' for CMake config files
[227.944s] Level 1:colcon.colcon_core.shell:create_environment_hook('px4_ros_com', 'cmake_prefix_path')
[227.944s] INFO:colcon.colcon_core.shell:Creating environment hook '/home/sidk524/Documents/personal-projects/DroneSwarmSim/ws_px4_ros/install/px4_ros_com/share/px4_ros_com/hook/cmake_prefix_path.ps1'
[227.945s] INFO:colcon.colcon_core.shell:Creating environment descriptor '/home/sidk524/Documents/personal-projects/DroneSwarmSim/ws_px4_ros/install/px4_ros_com/share/px4_ros_com/hook/cmake_prefix_path.dsv'
[227.945s] INFO:colcon.colcon_core.shell:Creating environment hook '/home/sidk524/Documents/personal-projects/DroneSwarmSim/ws_px4_ros/install/px4_ros_com/share/px4_ros_com/hook/cmake_prefix_path.sh'
[227.945s] Level 1:colcon.colcon_core.environment:checking '/home/sidk524/Documents/personal-projects/DroneSwarmSim/ws_px4_ros/install/px4_ros_com/lib'
[227.945s] Level 1:colcon.colcon_core.shell:create_environment_hook('px4_ros_com', 'ld_library_path_lib')
[227.946s] INFO:colcon.colcon_core.shell:Creating environment hook '/home/sidk524/Documents/personal-projects/DroneSwarmSim/ws_px4_ros/install/px4_ros_com/share/px4_ros_com/hook/ld_library_path_lib.ps1'
[227.946s] INFO:colcon.colcon_core.shell:Creating environment descriptor '/home/sidk524/Documents/personal-projects/DroneSwarmSim/ws_px4_ros/install/px4_ros_com/share/px4_ros_com/hook/ld_library_path_lib.dsv'
[227.946s] INFO:colcon.colcon_core.shell:Creating environment hook '/home/sidk524/Documents/personal-projects/DroneSwarmSim/ws_px4_ros/install/px4_ros_com/share/px4_ros_com/hook/ld_library_path_lib.sh'
[227.946s] Level 1:colcon.colcon_core.environment:checking '/home/sidk524/Documents/personal-projects/DroneSwarmSim/ws_px4_ros/install/px4_ros_com/bin'
[227.946s] Level 1:colcon.colcon_core.environment:checking '/home/sidk524/Documents/personal-projects/DroneSwarmSim/ws_px4_ros/install/px4_ros_com/lib/pkgconfig/px4_ros_com.pc'
[227.947s] Level 1:colcon.colcon_core.environment:checking '/home/sidk524/Documents/personal-projects/DroneSwarmSim/ws_px4_ros/install/px4_ros_com/lib/python3.10/site-packages'
[227.947s] Level 1:colcon.colcon_core.environment:checking '/home/sidk524/Documents/personal-projects/DroneSwarmSim/ws_px4_ros/install/px4_ros_com/bin'
[227.947s] INFO:colcon.colcon_core.shell:Creating package script '/home/sidk524/Documents/personal-projects/DroneSwarmSim/ws_px4_ros/install/px4_ros_com/share/px4_ros_com/package.ps1'
[227.948s] INFO:colcon.colcon_core.shell:Creating package descriptor '/home/sidk524/Documents/personal-projects/DroneSwarmSim/ws_px4_ros/install/px4_ros_com/share/px4_ros_com/package.dsv'
[227.948s] INFO:colcon.colcon_core.shell:Creating package script '/home/sidk524/Documents/personal-projects/DroneSwarmSim/ws_px4_ros/install/px4_ros_com/share/px4_ros_com/package.sh'
[227.948s] INFO:colcon.colcon_core.shell:Creating package script '/home/sidk524/Documents/personal-projects/DroneSwarmSim/ws_px4_ros/install/px4_ros_com/share/px4_ros_com/package.bash'
[227.949s] INFO:colcon.colcon_core.shell:Creating package script '/home/sidk524/Documents/personal-projects/DroneSwarmSim/ws_px4_ros/install/px4_ros_com/share/px4_ros_com/package.zsh'
[227.949s] Level 1:colcon.colcon_core.environment:create_file_with_runtime_dependencies(/home/sidk524/Documents/personal-projects/DroneSwarmSim/ws_px4_ros/install/px4_ros_com/share/colcon-core/packages/px4_ros_com)
[227.949s] DEBUG:colcon.colcon_parallel_executor.executor.parallel:closing loop
[227.950s] DEBUG:colcon.colcon_parallel_executor.executor.parallel:loop closed
[227.950s] DEBUG:colcon.colcon_parallel_executor.executor.parallel:run_until_complete finished with '0'
[227.950s] DEBUG:colcon.colcon_core.event_reactor:joining thread
[227.955s] INFO:colcon.colcon_core.plugin_system:Skipping extension 'colcon_notification.desktop_notification.terminal_notifier': Not used on non-Darwin systems
[227.955s] INFO:colcon.colcon_core.plugin_system:Skipping extension 'colcon_notification.desktop_notification.win32': Not used on non-Windows systems
[227.955s] INFO:colcon.colcon_notification.desktop_notification:Sending desktop notification using 'notify2'
[227.964s] DEBUG:colcon.colcon_core.event_reactor:joined thread
[227.964s] INFO:colcon.colcon_core.shell:Creating prefix script '/home/sidk524/Documents/personal-projects/DroneSwarmSim/ws_px4_ros/install/local_setup.ps1'
[227.965s] INFO:colcon.colcon_core.shell:Creating prefix util module '/home/sidk524/Documents/personal-projects/DroneSwarmSim/ws_px4_ros/install/_local_setup_util_ps1.py'
[227.966s] INFO:colcon.colcon_core.shell:Creating prefix chain script '/home/sidk524/Documents/personal-projects/DroneSwarmSim/ws_px4_ros/install/setup.ps1'
[227.967s] INFO:colcon.colcon_core.shell:Creating prefix script '/home/sidk524/Documents/personal-projects/DroneSwarmSim/ws_px4_ros/install/local_setup.sh'
[227.967s] INFO:colcon.colcon_core.shell:Creating prefix util module '/home/sidk524/Documents/personal-projects/DroneSwarmSim/ws_px4_ros/install/_local_setup_util_sh.py'
[227.967s] INFO:colcon.colcon_core.shell:Creating prefix chain script '/home/sidk524/Documents/personal-projects/DroneSwarmSim/ws_px4_ros/install/setup.sh'
[227.968s] INFO:colcon.colcon_core.shell:Creating prefix script '/home/sidk524/Documents/personal-projects/DroneSwarmSim/ws_px4_ros/install/local_setup.bash'
[227.968s] INFO:colcon.colcon_core.shell:Creating prefix chain script '/home/sidk524/Documents/personal-projects/DroneSwarmSim/ws_px4_ros/install/setup.bash'
[227.968s] INFO:colcon.colcon_core.shell:Creating prefix script '/home/sidk524/Documents/personal-projects/DroneSwarmSim/ws_px4_ros/install/local_setup.zsh'
[227.969s] INFO:colcon.colcon_core.shell:Creating prefix chain script '/home/sidk524/Documents/personal-projects/DroneSwarmSim/ws_px4_ros/install/setup.zsh'
